N_POLYGONS 132
B_POLYGON 1
facet 199
facet 195
facet 123
facet 110
facet 94
facet 194
facet 14
facet 95
facet 171
facet 121
facet 76
facet 128
facet 188
facet 144
facet 170
E_POLYGON 1
B_POLYGON 2
facet 200
facet 17
facet 73
facet 18
E_POLYGON 2
B_POLYGON 3
facet 202
facet 191
facet 177
facet 90
facet 59
facet 44
facet 88
facet 113
facet 22
facet 89
facet 168
facet 104
facet 74
facet 153
facet 164
facet 181
facet 49
facet 61
facet 116
facet 55
facet 9
facet 52
facet 35
facet 42
facet 133
facet 131
facet 56
facet 15
facet 143
facet 187
facet 47
facet 119
facet 124
facet 135
facet 111
facet 182
facet 112
facet 10
facet 137
facet 125
facet 114
facet 92
facet 19
facet 172
facet 93
facet 79
facet 152
facet 91
facet 108
facet 65
facet 185
facet 132
facet 141
facet 192
facet 66
facet 83
facet 198
facet 101
facet 24
facet 173
facet 107
facet 167
facet 60
facet 178
facet 180
facet 127
facet 140
facet 54
facet 63
facet 50
facet 154
facet 105
facet 106
facet 103
facet 87
facet 86
facet 46
facet 69
facet 72
facet 62
facet 139
facet 159
facet 13
facet 175
facet 145
facet 147
facet 138
facet 71
facet 82
facet 184
facet 58
facet 48
facet 179
facet 40
facet 151
facet 5
facet 45
facet 43
facet 67
facet 33
facet 115
facet 37
facet 99
facet 165
facet 20
facet 186
facet 36
facet 39
facet 98
facet 100
facet 81
facet 176
facet 134
facet 102
facet 38
facet 64
facet 41
facet 130
facet 25
facet 21
facet 78
facet 136
facet 189
facet 6
facet 126
facet 117
facet 75
facet 29
facet 57
facet 2
facet 161
facet 183
facet 109
facet 146
facet 11
facet 31
E_POLYGON 3
B_POLYGON 4
facet 177
facet 44
facet 22
facet 74
facet 55
facet 9
facet 61
facet 52
facet 59
facet 42
facet 104
facet 35
facet 49
E_POLYGON 4
B_POLYGON 5
facet 116
facet 133
E_POLYGON 5
B_POLYGON 6
facet 101
facet 127
E_POLYGON 6
B_POLYGON 7
facet 113
facet 153
E_POLYGON 7
B_POLYGON 8
facet 87
facet 138
facet 198
facet 5
facet 6
facet 72
facet 145
facet 176
facet 64
facet 29
facet 75
facet 136
facet 21
E_POLYGON 8
B_POLYGON 9
facet 141
facet 107
facet 54
facet 140
facet 154
facet 62
facet 43
facet 60
facet 105
facet 36
facet 48
E_POLYGON 9
B_POLYGON 10
facet 115
facet 134
E_POLYGON 10
B_POLYGON 11
facet 147
E_POLYGON 11
B_POLYGON 12
facet 189
facet 183
facet 146
facet 109
facet 57
facet 11
facet 31
facet 161
E_POLYGON 12
B_POLYGON 13
facet 114
facet 152
E_POLYGON 13
B_POLYGON 14
facet 44
facet 74
facet 55
facet 9
E_POLYGON 14
B_POLYGON 15
facet 104
facet 42
facet 61
E_POLYGON 15
B_POLYGON 16
facet 142
facet 34
facet 28
E_POLYGON 16
B_POLYGON 17
facet 138
facet 72
E_POLYGON 17
B_POLYGON 18
facet 118
E_POLYGON 18
B_POLYGON 19
facet 149
E_POLYGON 19
B_POLYGON 20
facet 190
facet 196
facet 150
facet 122
facet 97
facet 120
facet 193
facet 96
facet 197
facet 174
facet 129
facet 85
facet 160
facet 84
facet 77
facet 162
facet 26
facet 169
E_POLYGON 20
B_POLYGON 21
facet 162
facet 26
facet 84
E_POLYGON 21
B_POLYGON 22
facet 145
E_POLYGON 22
B_POLYGON 23
facet 148
E_POLYGON 23
B_POLYGON 24
facet 32
facet 68
facet 53
facet 16
E_POLYGON 24
B_POLYGON 25
facet 105
facet 43
facet 62
E_POLYGON 25
B_POLYGON 26
facet 183
E_POLYGON 26
B_POLYGON 27
facet 109
facet 146
facet 11
E_POLYGON 27
B_POLYGON 28
facet 161
E_POLYGON 28
B_POLYGON 29
facet 176
E_POLYGON 29
B_POLYGON 30
facet 199
facet 195
facet 123
facet 110
facet 94
facet 194
facet 95
facet 171
facet 121
facet 70
facet 76
facet 80
facet 142
facet 128
facet 188
facet 144
facet 166
facet 170
facet 28
facet 27
facet 34
facet 118
facet 30
facet 149
facet 8
facet 4
facet 3
E_POLYGON 30
B_POLYGON 31
facet 80
facet 142
facet 70
facet 27
facet 30
facet 34
E_POLYGON 31
B_POLYGON 32
facet 200
facet 17
facet 73
facet 18
E_POLYGON 32
B_POLYGON 33
facet 202
facet 191
facet 177
facet 90
facet 59
facet 44
facet 88
facet 113
facet 22
facet 89
facet 168
facet 104
facet 74
facet 153
facet 164
facet 181
facet 49
facet 61
facet 116
facet 55
facet 9
facet 52
facet 35
facet 42
facet 133
facet 131
facet 56
facet 15
facet 143
facet 187
facet 47
facet 119
facet 124
facet 135
facet 111
facet 182
facet 112
facet 10
facet 137
facet 125
facet 114
facet 92
facet 19
facet 172
facet 93
facet 79
facet 152
facet 91
facet 108
facet 65
facet 185
facet 132
facet 141
facet 192
facet 66
facet 83
facet 198
facet 101
facet 24
facet 173
facet 107
facet 167
facet 60
facet 178
facet 180
facet 127
facet 140
facet 54
facet 63
facet 50
facet 154
facet 105
facet 106
facet 103
facet 87
facet 86
facet 46
facet 69
facet 72
facet 62
facet 139
facet 159
facet 13
facet 175
facet 145
facet 147
facet 138
facet 71
facet 82
facet 184
facet 58
facet 48
facet 179
facet 40
facet 151
facet 5
facet 45
facet 43
facet 67
facet 33
facet 115
facet 37
facet 99
facet 165
facet 20
facet 186
facet 36
facet 39
facet 98
facet 100
facet 81
facet 176
facet 134
facet 102
facet 38
facet 64
facet 41
facet 130
facet 25
facet 21
facet 78
facet 136
facet 189
facet 6
facet 126
facet 117
facet 75
facet 29
facet 57
facet 2
facet 161
facet 183
facet 109
facet 146
facet 11
facet 31
E_POLYGON 33
B_POLYGON 34
facet 59
facet 104
facet 49
facet 35
facet 42
E_POLYGON 34
B_POLYGON 35
facet 116
facet 133
E_POLYGON 35
B_POLYGON 36
facet 101
facet 127
E_POLYGON 36
B_POLYGON 37
facet 143
facet 15
facet 79
facet 132
facet 173
facet 178
facet 140
facet 69
facet 159
facet 99
facet 39
facet 40
facet 100
facet 175
facet 151
facet 67
facet 81
facet 130
facet 136
facet 29
facet 21
facet 2
E_POLYGON 37
B_POLYGON 38
facet 113
facet 153
E_POLYGON 38
B_POLYGON 39
facet 87
facet 138
E_POLYGON 39
B_POLYGON 40
facet 60
facet 105
facet 48
facet 43
facet 36
E_POLYGON 40
B_POLYGON 41
facet 115
facet 134
E_POLYGON 41
B_POLYGON 42
facet 147
E_POLYGON 42
B_POLYGON 43
facet 114
facet 152
E_POLYGON 43
B_POLYGON 44
facet 190
facet 163
facet 196
facet 148
facet 150
facet 122
facet 97
facet 32
facet 120
facet 23
facet 68
facet 51
facet 193
facet 197
facet 53
facet 96
facet 16
facet 7
facet 174
facet 129
facet 85
facet 160
facet 84
facet 77
facet 162
facet 26
facet 169
E_POLYGON 44
B_POLYGON 45
facet 162
facet 26
facet 84
E_POLYGON 45
B_POLYGON 46
facet 199
facet 195
facet 123
facet 110
facet 94
facet 194
facet 95
facet 171
facet 121
facet 70
facet 76
facet 80
facet 142
facet 128
facet 188
facet 144
facet 166
facet 170
facet 28
facet 27
facet 34
facet 118
facet 30
facet 149
facet 8
facet 4
facet 3
E_POLYGON 46
B_POLYGON 47
facet 80
facet 142
facet 70
facet 27
facet 30
facet 34
E_POLYGON 47
B_POLYGON 48
facet 200
facet 17
facet 73
facet 18
E_POLYGON 48
B_POLYGON 49
facet 202
facet 191
facet 177
facet 90
facet 59
facet 44
facet 88
facet 113
facet 22
facet 89
facet 168
facet 104
facet 74
facet 153
facet 164
facet 181
facet 49
facet 61
facet 116
facet 55
facet 9
facet 52
facet 35
facet 42
facet 133
facet 131
facet 56
facet 15
facet 143
facet 187
facet 47
facet 119
facet 124
facet 135
facet 111
facet 182
facet 112
facet 10
facet 137
facet 125
facet 114
facet 92
facet 19
facet 172
facet 93
facet 79
facet 152
facet 91
facet 108
facet 65
facet 185
facet 132
facet 141
facet 192
facet 66
facet 83
facet 198
facet 101
facet 24
facet 173
facet 107
facet 167
facet 60
facet 178
facet 180
facet 127
facet 140
facet 54
facet 63
facet 50
facet 154
facet 105
facet 106
facet 103
facet 87
facet 86
facet 46
facet 69
facet 72
facet 62
facet 139
facet 159
facet 13
facet 175
facet 145
facet 147
facet 138
facet 71
facet 82
facet 184
facet 58
facet 48
facet 179
facet 40
facet 151
facet 5
facet 45
facet 43
facet 67
facet 33
facet 115
facet 37
facet 99
facet 165
facet 20
facet 186
facet 36
facet 39
facet 98
facet 100
facet 81
facet 176
facet 134
facet 102
facet 38
facet 64
facet 41
facet 130
facet 25
facet 21
facet 78
facet 136
facet 189
facet 6
facet 126
facet 117
facet 75
facet 29
facet 57
facet 2
facet 161
facet 183
facet 109
facet 146
facet 11
facet 31
E_POLYGON 49
B_POLYGON 50
facet 59
facet 104
facet 49
facet 35
facet 42
facet 131
facet 47
facet 135
facet 137
facet 108
facet 192
facet 63
facet 50
facet 86
facet 71
facet 82
facet 58
facet 45
facet 46
facet 102
facet 48
facet 25
facet 117
facet 105
facet 36
facet 57
facet 109
facet 60
facet 43
facet 31
E_POLYGON 50
B_POLYGON 51
facet 116
facet 133
E_POLYGON 51
B_POLYGON 52
facet 101
facet 127
E_POLYGON 52
B_POLYGON 53
facet 113
facet 153
E_POLYGON 53
B_POLYGON 54
facet 87
facet 138
E_POLYGON 54
B_POLYGON 55
facet 115
facet 134
E_POLYGON 55
B_POLYGON 56
facet 147
E_POLYGON 56
B_POLYGON 57
facet 114
facet 152
E_POLYGON 57
B_POLYGON 58
facet 104
facet 49
facet 47
E_POLYGON 58
B_POLYGON 59
facet 190
facet 163
facet 196
facet 148
facet 150
facet 122
facet 97
facet 32
facet 120
facet 23
facet 68
facet 51
facet 193
facet 197
facet 53
facet 96
facet 16
facet 7
facet 174
facet 129
facet 85
facet 160
facet 84
facet 77
facet 162
facet 26
facet 169
E_POLYGON 59
B_POLYGON 60
facet 162
facet 26
facet 84
E_POLYGON 60
B_POLYGON 61
facet 105
facet 48
facet 46
E_POLYGON 61
B_POLYGON 62
facet 50
facet 86
facet 82
facet 25
E_POLYGON 62
B_POLYGON 63
facet 199
facet 166
facet 28
facet 118
facet 149
facet 188
E_POLYGON 63
B_POLYGON 64
facet 200
E_POLYGON 64
B_POLYGON 65
facet 202
facet 191
facet 177
facet 90
facet 59
facet 44
facet 88
facet 113
facet 22
facet 89
facet 168
facet 104
facet 74
facet 153
facet 164
facet 181
facet 49
facet 61
facet 116
facet 55
facet 9
facet 52
facet 35
facet 42
facet 133
facet 131
facet 56
facet 15
facet 143
facet 187
facet 47
facet 119
facet 124
facet 135
facet 111
facet 182
facet 112
facet 10
facet 137
facet 125
facet 114
facet 92
facet 19
facet 172
facet 93
facet 79
facet 152
facet 91
facet 108
facet 65
facet 185
facet 132
facet 141
facet 192
facet 66
facet 83
facet 198
facet 101
facet 24
facet 173
facet 107
facet 167
facet 60
facet 178
facet 180
facet 127
facet 140
facet 54
facet 63
facet 50
facet 154
facet 105
facet 106
facet 103
facet 87
facet 86
facet 46
facet 69
facet 72
facet 62
facet 139
facet 159
facet 13
facet 175
facet 145
facet 147
facet 138
facet 71
facet 82
facet 184
facet 58
facet 48
facet 179
facet 40
facet 151
facet 5
facet 45
facet 43
facet 67
facet 33
facet 115
facet 37
facet 99
facet 165
facet 20
facet 186
facet 36
facet 39
facet 98
facet 100
facet 81
facet 176
facet 134
facet 102
facet 38
facet 64
facet 41
facet 130
facet 25
facet 21
facet 78
facet 136
facet 189
facet 6
facet 126
facet 117
facet 75
facet 29
facet 57
facet 2
facet 161
facet 183
facet 109
facet 146
facet 11
facet 31
E_POLYGON 65
B_POLYGON 66
facet 74
facet 55
facet 22
facet 52
facet 191
facet 88
facet 90
facet 119
facet 89
facet 124
facet 112
facet 111
facet 135
facet 125
facet 187
facet 19
facet 116
facet 133
facet 108
facet 185
facet 24
facet 127
facet 101
E_POLYGON 66
B_POLYGON 67
facet 59
facet 104
facet 49
facet 35
facet 42
E_POLYGON 67
B_POLYGON 68
facet 168
facet 181
facet 153
facet 113
E_POLYGON 68
B_POLYGON 69
facet 56
facet 143
facet 10
E_POLYGON 69
B_POLYGON 70
facet 65
facet 132
facet 173
facet 66
E_POLYGON 70
B_POLYGON 71
facet 87
facet 138
E_POLYGON 71
B_POLYGON 72
facet 107
facet 54
facet 182
facet 91
facet 92
facet 103
facet 93
facet 106
facet 159
facet 39
facet 40
facet 99
facet 100
facet 179
facet 37
facet 38
facet 126
facet 71
facet 86
facet 63
facet 184
facet 20
facet 115
facet 134
facet 102
facet 25
facet 186
facet 147
E_POLYGON 72
B_POLYGON 73
facet 60
facet 105
facet 48
facet 43
facet 36
E_POLYGON 73
B_POLYGON 74
facet 167
facet 180
facet 152
facet 114
E_POLYGON 74
B_POLYGON 75
facet 13
facet 151
facet 33
E_POLYGON 75
B_POLYGON 76
facet 98
facet 81
facet 130
facet 21
facet 136
facet 41
facet 78
facet 64
facet 29
facet 75
facet 2
E_POLYGON 76
B_POLYGON 77
facet 55
E_POLYGON 77
B_POLYGON 78
facet 88
E_POLYGON 78
B_POLYGON 79
facet 133
facet 19
E_POLYGON 79
B_POLYGON 80
facet 123
E_POLYGON 80
B_POLYGON 81
facet 119
E_POLYGON 81
B_POLYGON 82
facet 112
E_POLYGON 82
B_POLYGON 83
facet 157
E_POLYGON 83
B_POLYGON 84
facet 94
E_POLYGON 84
B_POLYGON 85
facet 90
E_POLYGON 85
B_POLYGON 86
facet 110
E_POLYGON 86
B_POLYGON 87
facet 121
E_POLYGON 87
B_POLYGON 88
facet 124
E_POLYGON 88
B_POLYGON 89
facet 111
E_POLYGON 89
B_POLYGON 90
facet 95
E_POLYGON 90
B_POLYGON 91
facet 89
E_POLYGON 91
B_POLYGON 92
facet 125
E_POLYGON 92
B_POLYGON 93
facet 127
facet 24
E_POLYGON 93
B_POLYGON 94
facet 194
E_POLYGON 94
B_POLYGON 95
facet 156
facet 18
E_POLYGON 95
B_POLYGON 96
facet 171
E_POLYGON 96
B_POLYGON 97
facet 128
E_POLYGON 97
B_POLYGON 98
facet 181
facet 153
E_POLYGON 98
B_POLYGON 99
facet 144
E_POLYGON 99
B_POLYGON 100
facet 173
E_POLYGON 100
B_POLYGON 101
facet 76
facet 80
facet 142
facet 170
E_POLYGON 101
B_POLYGON 102
facet 190
facet 163
facet 148
facet 32
facet 197
facet 16
E_POLYGON 102
B_POLYGON 103
facet 53
facet 7
E_POLYGON 103
B_POLYGON 104
facet 54
E_POLYGON 104
B_POLYGON 105
facet 91
E_POLYGON 105
B_POLYGON 106
facet 134
facet 20
E_POLYGON 106
B_POLYGON 107
facet 150
facet 12
E_POLYGON 107
B_POLYGON 108
facet 122
E_POLYGON 108
B_POLYGON 109
facet 103
facet 39
E_POLYGON 109
B_POLYGON 110
facet 99
facet 37
E_POLYGON 110
B_POLYGON 111
facet 155
E_POLYGON 111
B_POLYGON 112
facet 97
E_POLYGON 112
B_POLYGON 113
facet 92
E_POLYGON 113
B_POLYGON 114
facet 120
E_POLYGON 114
B_POLYGON 115
facet 106
facet 40
E_POLYGON 115
B_POLYGON 116
facet 100
facet 38
E_POLYGON 116
B_POLYGON 117
facet 96
E_POLYGON 117
B_POLYGON 118
facet 93
E_POLYGON 118
B_POLYGON 119
facet 126
E_POLYGON 119
B_POLYGON 120
facet 193
E_POLYGON 120
B_POLYGON 121
facet 158
E_POLYGON 121
B_POLYGON 122
facet 85
E_POLYGON 122
B_POLYGON 123
facet 174
E_POLYGON 123
B_POLYGON 124
facet 129
E_POLYGON 124
B_POLYGON 125
facet 180
facet 152
E_POLYGON 125
B_POLYGON 126
facet 160
E_POLYGON 126
B_POLYGON 127
facet 130
facet 136
facet 75
facet 78
facet 2
E_POLYGON 127
B_POLYGON 128
facet 77
facet 162
facet 169
E_POLYGON 128
B_POLYGON 129
facet 201
facet 200
facet 199
facet 157
facet 195
facet 202
facet 123
facet 59
facet 110
facet 94
facet 177
facet 17
facet 104
facet 191
facet 194
facet 14
facet 116
facet 44
facet 95
facet 171
facet 22
facet 90
facet 156
facet 121
facet 133
facet 131
facet 49
facet 61
facet 74
facet 88
facet 113
facet 70
facet 89
facet 168
facet 73
facet 76
facet 197
facet 187
facet 47
facet 35
facet 42
facet 164
facet 55
facet 153
facet 80
facet 142
facet 135
facet 181
facet 18
facet 128
facet 198
facet 9
facet 84
facet 137
facet 52
facet 188
facet 196
facet 182
facet 19
facet 172
facet 112
facet 119
facet 56
facet 144
facet 166
facet 162
facet 15
facet 143
facet 170
facet 51
facet 163
facet 114
facet 92
facet 145
facet 147
facet 108
facet 124
facet 28
facet 27
facet 174
facet 93
facet 101
facet 185
facet 111
facet 34
facet 118
facet 190
facet 152
facet 91
facet 72
facet 115
facet 192
facet 125
facet 10
facet 30
facet 68
facet 7
facet 26
facet 169
facet 176
facet 127
facet 24
facet 53
facet 32
facet 148
facet 77
facet 141
facet 138
facet 134
facet 87
facet 5
facet 83
facet 79
facet 193
facet 85
facet 96
facet 16
facet 23
facet 149
facet 107
facet 167
facet 63
facet 50
facet 65
facet 155
facet 97
facet 180
facet 86
facet 46
facet 132
facet 8
facet 54
facet 189
facet 66
facet 60
facet 4
facet 106
facet 103
facet 186
facet 6
facet 71
facet 82
facet 184
facet 58
facet 48
facet 173
facet 183
facet 64
facet 45
facet 105
facet 178
facet 12
facet 150
facet 98
facet 159
facet 13
facet 175
facet 102
facet 179
facet 140
facet 122
facet 40
facet 151
facet 41
facet 29
facet 75
facet 154
facet 165
facet 139
facet 20
facet 3
facet 78
facet 160
facet 67
facet 33
facet 25
facet 69
facet 120
facet 81
facet 117
facet 161
facet 136
facet 62
facet 37
facet 158
facet 100
facet 130
facet 21
facet 2
facet 39
facet 38
facet 57
facet 43
facet 126
facet 36
facet 99
facet 129
facet 109
facet 146
facet 11
facet 31
E_POLYGON 129
B_POLYGON 130
facet 201
facet 200
facet 199
facet 157
facet 195
facet 202
facet 123
facet 59
facet 110
facet 94
facet 177
facet 17
facet 104
facet 191
facet 194
facet 14
facet 116
facet 44
facet 95
facet 171
facet 22
facet 90
facet 156
facet 121
facet 133
facet 131
facet 49
facet 61
facet 74
facet 88
facet 113
facet 70
facet 89
facet 168
facet 73
facet 76
facet 197
facet 187
facet 47
facet 35
facet 42
facet 164
facet 55
facet 153
facet 80
facet 142
facet 135
facet 181
facet 18
facet 128
facet 198
facet 9
facet 84
facet 137
facet 52
facet 188
facet 196
facet 182
facet 19
facet 172
facet 112
facet 119
facet 56
facet 144
facet 166
facet 162
facet 15
facet 143
facet 170
facet 51
facet 163
facet 114
facet 92
facet 145
facet 147
facet 108
facet 124
facet 28
facet 27
facet 174
facet 93
facet 101
facet 185
facet 111
facet 34
facet 118
facet 190
facet 152
facet 91
facet 72
facet 115
facet 192
facet 125
facet 10
facet 30
facet 68
facet 7
facet 26
facet 169
facet 176
facet 127
facet 24
facet 53
facet 32
facet 148
facet 77
facet 141
facet 138
facet 134
facet 87
facet 5
facet 83
facet 79
facet 193
facet 85
facet 96
facet 16
facet 23
facet 149
facet 107
facet 167
facet 63
facet 50
facet 65
facet 155
facet 97
facet 180
facet 86
facet 46
facet 132
facet 8
facet 54
facet 189
facet 66
facet 60
facet 4
facet 106
facet 103
facet 186
facet 6
facet 71
facet 82
facet 184
facet 58
facet 48
facet 173
facet 183
facet 64
facet 45
facet 105
facet 178
facet 12
facet 150
facet 98
facet 159
facet 13
facet 175
facet 102
facet 179
facet 140
facet 122
facet 40
facet 151
facet 41
facet 29
facet 75
facet 154
facet 165
facet 139
facet 20
facet 3
facet 78
facet 160
facet 67
facet 33
facet 25
facet 69
facet 120
facet 81
facet 117
facet 161
facet 136
facet 62
facet 37
facet 158
facet 100
facet 130
facet 21
facet 2
facet 39
facet 38
facet 57
facet 43
facet 126
facet 36
facet 99
facet 129
facet 109
facet 146
facet 11
facet 31
E_POLYGON 130
B_POLYGON 131
facet 201
facet 200
facet 199
facet 157
facet 195
facet 202
facet 123
facet 59
facet 110
facet 94
facet 177
facet 17
facet 104
facet 191
facet 194
facet 14
facet 116
facet 44
facet 95
facet 171
facet 22
facet 90
facet 156
facet 121
facet 133
facet 131
facet 49
facet 61
facet 74
facet 88
facet 113
facet 70
facet 89
facet 168
facet 73
facet 76
facet 197
facet 187
facet 47
facet 35
facet 42
facet 164
facet 55
facet 153
facet 80
facet 142
facet 135
facet 181
facet 18
facet 128
facet 198
facet 9
facet 84
facet 137
facet 52
facet 188
facet 196
facet 182
facet 19
facet 172
facet 112
facet 119
facet 56
facet 144
facet 166
facet 162
facet 15
facet 143
facet 170
facet 51
facet 163
facet 114
facet 92
facet 145
facet 147
facet 108
facet 124
facet 28
facet 27
facet 174
facet 93
facet 101
facet 185
facet 111
facet 34
facet 118
facet 190
facet 152
facet 91
facet 72
facet 115
facet 192
facet 125
facet 10
facet 30
facet 68
facet 7
facet 26
facet 169
facet 176
facet 127
facet 24
facet 53
facet 32
facet 148
facet 77
facet 141
facet 138
facet 134
facet 87
facet 5
facet 83
facet 79
facet 193
facet 85
facet 96
facet 16
facet 23
facet 149
facet 107
facet 167
facet 63
facet 50
facet 65
facet 155
facet 97
facet 180
facet 86
facet 46
facet 132
facet 8
facet 54
facet 189
facet 66
facet 60
facet 4
facet 106
facet 103
facet 186
facet 6
facet 71
facet 82
facet 184
facet 58
facet 48
facet 173
facet 183
facet 64
facet 45
facet 105
facet 178
facet 12
facet 150
facet 98
facet 159
facet 13
facet 175
facet 102
facet 179
facet 140
facet 122
facet 40
facet 151
facet 41
facet 29
facet 75
facet 154
facet 165
facet 139
facet 20
facet 3
facet 78
facet 160
facet 67
facet 33
facet 25
facet 69
facet 120
facet 81
facet 117
facet 161
facet 136
facet 62
facet 37
facet 158
facet 100
facet 130
facet 21
facet 2
facet 39
facet 38
facet 57
facet 43
facet 126
facet 36
facet 99
facet 129
facet 109
facet 146
facet 11
facet 31
E_POLYGON 131
B_POLYGON 132
facet 203
facet 201
facet 200
facet 188
facet 155
facet 158
facet 197
facet 195
facet 157
facet 190
facet 196
facet 202
facet 199
facet 156
facet 73
facet 170
facet 166
facet 194
facet 128
facet 144
facet 18
facet 198
facet 59
facet 163
facet 149
facet 129
facet 160
facet 169
facet 193
facet 84
facet 177
facet 114
facet 176
facet 104
facet 191
facet 123
facet 148
facet 118
facet 162
facet 116
facet 44
facet 14
facet 110
facet 94
facet 17
facet 12
facet 150
facet 152
facet 22
facet 90
facet 32
facet 122
facet 121
facet 133
facet 131
facet 49
facet 61
facet 74
facet 88
facet 113
facet 23
facet 68
facet 167
facet 64
facet 89
facet 168
facet 171
facet 95
facet 51
facet 97
facet 98
facet 189
facet 187
facet 47
facet 35
facet 42
facet 164
facet 55
facet 153
facet 53
facet 120
facet 147
facet 41
facet 29
facet 75
facet 135
facet 181
facet 70
facet 16
facet 28
facet 85
facet 182
facet 180
facet 78
facet 9
facet 76
facet 7
facet 174
facet 145
facet 115
facet 26
facet 81
facet 161
facet 136
facet 137
facet 52
facet 80
facet 142
facet 96
facet 101
facet 92
facet 130
facet 19
facet 172
facet 112
facet 119
facet 56
facet 34
facet 77
facet 72
facet 134
facet 93
facet 13
facet 67
facet 21
facet 2
facet 33
facet 15
facet 143
facet 27
facet 186
facet 127
facet 91
facet 151
facet 183
facet 108
facet 124
facet 30
facet 138
facet 87
facet 5
facet 185
facet 111
facet 102
facet 141
facet 175
facet 192
facet 125
facet 10
facet 4
facet 58
facet 83
facet 159
facet 179
facet 24
facet 184
facet 82
facet 25
facet 107
facet 8
facet 63
facet 117
facet 100
facet 38
facet 79
facet 3
facet 6
facet 45
facet 54
facet 106
facet 40
facet 50
facet 65
facet 86
facet 20
facet 57
facet 103
facet 126
facet 146
facet 46
facet 132
facet 165
facet 66
facet 60
facet 71
facet 109
facet 99
facet 48
facet 173
facet 39
facet 37
facet 105
facet 178
facet 140
facet 11
facet 31
facet 154
facet 139
facet 69
facet 62
facet 43
facet 36
E_POLYGON 132
